[0.011s][info][gc] Using Serial
[1.028s][info][gc] GC(0) Pause Young (Allocation Failure) 4M->2M(15M) 4.783ms
[11.676s][info][gc] GC(1) Pause Young (Allocation Failure) 6M->3M(15M) 3.220ms
[11.745s][info][gc] GC(2) Pause Young (Allocation Failure) 7M->4M(15M) 3.875ms
[12.026s][info][gc] GC(3) Pause Young (Allocation Failure) 8M->4M(15M) 2.411ms
[12.222s][info][gc] GC(4) Pause Young (Allocation Failure) 9M->5M(15M) 4.043ms
[42.265s][info][gc] GC(5) Pause Young (Allocation Failure) 10M->5M(15M) 3.165ms
[46.808s][info][gc] GC(6) Pause Young (Allocation Failure) 10M->5M(15M) 0.811ms
[46.817s][info][gc] GC(7) Pause Young (Allocation Failure) 10M->6M(15M) 0.847ms
[46.825s][info][gc] GC(8) Pause Young (Allocation Failure) 10M->6M(15M) 0.849ms
[46.835s][info][gc] GC(9) Pause Young (Allocation Failure) 10M->5M(15M) 1.057ms
[46.841s][info][gc] GC(10) Pause Young (Allocation Failure) 10M->6M(15M) 1.039ms
[46.847s][info][gc] GC(11) Pause Young (Allocation Failure) 10M->6M(15M) 0.805ms
[46.853s][info][gc] GC(12) Pause Young (Allocation Failure) 10M->6M(15M) 1.292ms
[46.859s][info][gc] GC(13) Pause Young (Allocation Failure) 10M->6M(15M) 1.155ms
[46.864s][info][gc] GC(14) Pause Young (Allocation Failure) 10M->6M(15M) 1.024ms
[46.870s][info][gc] GC(15) Pause Young (Allocation Failure) 10M->6M(15M) 0.738ms
[46.875s][info][gc] GC(16) Pause Young (Allocation Failure) 10M->6M(15M) 1.241ms
[46.878s][info][gc] GC(17) Pause Young (Allocation Failure) 10M->6M(15M) 0.723ms
[46.882s][info][gc] GC(18) Pause Young (Allocation Failure) 10M->6M(15M) 0.742ms
[46.885s][info][gc] GC(19) Pause Young (Allocation Failure) 10M->6M(15M) 1.009ms
[46.888s][info][gc] GC(20) Pause Young (Allocation Failure) 10M->6M(15M) 1.034ms
[55.272s][info][gc] GC(21) Pause Young (Allocation Failure) 10M->6M(15M) 1.025ms
[94.269s][info][gc] GC(22) Pause Young (Allocation Failure) 10M->6M(15M) 0.920ms
[99.030s][info][gc] GC(23) Pause Young (Allocation Failure) 10M->6M(15M) 0.964ms
[99.035s][info][gc] GC(24) Pause Young (Allocation Failure) 10M->5M(15M) 0.782ms
[99.038s][info][gc] GC(25) Pause Young (Allocation Failure) 10M->6M(15M) 0.875ms
[99.041s][info][gc] GC(26) Pause Young (Allocation Failure) 10M->5M(15M) 0.724ms
[99.045s][info][gc] GC(27) Pause Young (Allocation Failure) 10M->6M(15M) 0.760ms
[99.048s][info][gc] GC(28) Pause Young (Allocation Failure) 10M->5M(15M) 0.707ms
[99.051s][info][gc] GC(29) Pause Young (Allocation Failure) 10M->6M(15M) 0.561ms
[99.053s][info][gc] GC(30) Pause Young (Allocation Failure) 10M->5M(15M) 0.683ms
[99.056s][info][gc] GC(31) Pause Young (Allocation Failure) 10M->6M(15M) 0.514ms
[99.059s][info][gc] GC(32) Pause Young (Allocation Failure) 10M->5M(15M) 0.430ms
[99.061s][info][gc] GC(33) Pause Young (Allocation Failure) 10M->6M(15M) 0.442ms
[99.063s][info][gc] GC(34) Pause Young (Allocation Failure) 10M->5M(15M) 0.295ms
[99.065s][info][gc] GC(35) Pause Young (Allocation Failure) 10M->6M(15M) 0.419ms
[99.067s][info][gc] GC(36) Pause Young (Allocation Failure) 10M->5M(15M) 0.302ms
[99.069s][info][gc] GC(37) Pause Young (Allocation Failure) 10M->6M(15M) 0.357ms
[119.313s][info][gc] GC(38) Pause Young (Allocation Failure) 10M->6M(15M) 0.751ms
